
> torega-tcg@1.0.0 build
> tsc -b && vite build

[36mvite v6.4.4 [32mbuilding for production...[36m[39m
transforming...
[32m✓[39m 1625 modules transformed.
rendering chunks...
computing gzip size...
[2mdist/[22m[32mindex.html                 [39m[1m[2m  0.50 kB[22m[1m[22m[2m │ gzip:   0.32 kB[22m
[2mdist/[22m[35massets/index-O8fMbWbx.css  [39m[1m[2m 23.99 kB[22m[1m[22m[2m │ gzip:   4.91 kB[22m
[2mdist/[22m[36massets/index-CXFFhrK9.js   [39m[1m[2m443.71 kB[22m[1m[22m[2m │ gzip: 120.23 kB[22m
[32m✓ built in 17.32s[39m
